{
  "pilot_id": "FN-EC-PF-KNN-01",
  "organism": "Pf",
  "target": "ec_direct_complete_major_profile",
  "whole_genes": 5720,
  "eligible_profiles": 1050,
  "train": 600,
  "tune": 151,
  "calibration": 147,
  "test": 152,
  "source_annotated_genes": 1220,
  "unknown_genes": 4500,
  "unresolved_annotated_genes": 170,
  "unsupported_test_genes": 4,
  "unknown_statuses": {
    "unannotated": 4500,
    "unresolved": 170
  },
  "selected_features": [
    "length",
    "transcript_length",
    "exon_count",
    "molecular_weight",
    "isoelectric_point",
    "n_tm",
    "snp_total_all_strains",
    "snp_nonsynonymous",
    "snp_synonymous",
    "snp_noncoding",
    "snp_stop_codon",
    "snp_nonsyn_syn_ratio",
    "piggybac_mfs",
    "piggybac_mis",
    "has_signal_peptide",
    "is_tm",
    "expr_ring",
    "expr_early_trophozoite",
    "expr_late_trophozoite",
    "expr_schizont",
    "expr_gametocyte_ii",
    "expr_gametocyte_v",
    "expr_ookinete",
    "polysomal_ring",
    "polysomal_trophozoite",
    "polysomal_schizont",
    "steady_state_ring",
    "steady_state_trophozoite",
    "steady_state_schizont",
    "protein_stage_share_ring",
    "protein_stage_share_trophozoite",
    "protein_stage_share_schizont",
    "expr_asexual_blood",
    "antisense_asexual_blood",
    "antisense_oocyst",
    "antisense_sporozoite",
    "expr_oocyst",
    "expr_sporozoite",
    "export_pred_tier",
    "is_exported",
    "n_phosphosites",
    "has_phospho",
    "mean_plddt",
    "plddt_fraction_very_low",
    "plddt_fraction_low",
    "plddt_fraction_confident",
    "plddt_fraction_very_high",
    "febrile_wt_37c",
    "febrile_wt_41c",
    "febrile_lrr5ko_37c",
    "febrile_lrr5ko_41c",
    "febrile_dhcko_37c",
    "febrile_dhcko_41c",
    "sir2_wt_ring",
    "sir2_wt_trophozoite",
    "sir2_wt_schizont",
    "sir2a_ko_ring",
    "sir2a_ko_trophozoite",
    "sir2a_ko_schizont",
    "sir2b_ko_ring",
    "sir2b_ko_trophozoite",
    "sir2b_ko_schizont",
    "n_transcript_models",
    "novel_transcript_models",
    "riboseq_mrna_ring",
    "riboseq_mrna_early_trophozoite",
    "riboseq_mrna_late_trophozoite",
    "riboseq_mrna_schizont",
    "riboseq_mrna_merozoite",
    "riboseq_rpf_ring",
    "riboseq_rpf_early_trophozoite",
    "riboseq_rpf_late_trophozoite",
    "riboseq_rpf_schizont",
    "riboseq_rpf_merozoite",
    "pb_transferred_growth_rate",
    "pb_transfer_confidence",
    "n_struct_similar",
    "pb_transferred_liver_log2fc",
    "idc_peak_hour",
    "idc_cycling_amplitude",
    "has_lactyl",
    "n_acetylsites",
    "has_acetyl",
    "is_palmitoylated",
    "n_bcell_epitopes",
    "codon_enc",
    "codon_gc3",
    "codon_cai_ribosomal",
    "expr_max",
    "melting_temperature_tm",
    "melting_temperature_sd",
    "fertility_female",
    "fertility_male",
    "latency_log2fc",
    "latency_classifier_member",
    "m6a_n_canonical_sites",
    "m6a_canonical_stoichiometry",
    "gametocyte_proteome_log2",
    "gametocyte_newly_made",
    "engaged_n_compounds_tested",
    "engaged_n_compounds_hit",
    "febrile_phospho_max_abs_log2fc",
    "febrile_phospho_n_sites_up",
    "febrile_phospho_n_sites_down",
    "chromprox_hp1_log2fc",
    "chromprox_hp1_hit",
    "chromprox_h3k27ac_log2fc",
    "chromprox_h3k27ac_hit",
    "chromprox_h3k4me3_log2fc",
    "chromprox_h3k4me3_hit",
    "chromprox_centromere_log2fc",
    "chromprox_centromere_hit",
    "lopit_pf_svm_score",
    "field_pnps_adj",
    "field_variant_fraction",
    "dnds_laverania",
    "dnds_plasmodium",
    "transcription_rate_4tu",
    "mrna_decay_rate_4tu",
    "proteome_blood_log2",
    "hsp90_inhibition_ga_log2fc",
    "hsp90_inhibition_xl_log2fc",
    "hsp90_dependent",
    "rna_dependence_qvalue",
    "rna_dependent",
    "committed_vs_asexual_log2fc",
    "committed_vs_asexual_fdr",
    "resistance_selection_clones",
    "resistance_selection_compounds",
    "resistance_selection_variants",
    "pf6_field_dnds",
    "pf6_field_nonsyn_snvs"
  ],
  "kept_features": [
    "length",
    "transcript_length",
    "exon_count",
    "molecular_weight",
    "isoelectric_point",
    "n_tm",
    "snp_total_all_strains",
    "snp_nonsynonymous",
    "snp_synonymous",
    "snp_noncoding",
    "snp_stop_codon",
    "snp_nonsyn_syn_ratio",
    "piggybac_mfs",
    "piggybac_mis",
    "has_signal_peptide",
    "is_tm",
    "expr_ring",
    "expr_early_trophozoite",
    "expr_late_trophozoite",
    "expr_schizont",
    "expr_gametocyte_ii",
    "expr_gametocyte_v",
    "expr_ookinete",
    "polysomal_ring",
    "polysomal_trophozoite",
    "polysomal_schizont",
    "steady_state_ring",
    "steady_state_trophozoite",
    "steady_state_schizont",
    "protein_stage_share_ring",
    "protein_stage_share_trophozoite",
    "protein_stage_share_schizont",
    "expr_asexual_blood",
    "antisense_asexual_blood",
    "antisense_oocyst",
    "antisense_sporozoite",
    "expr_oocyst",
    "expr_sporozoite",
    "export_pred_tier",
    "is_exported",
    "n_phosphosites",
    "has_phospho",
    "mean_plddt",
    "plddt_fraction_very_low",
    "plddt_fraction_low",
    "plddt_fraction_confident",
    "plddt_fraction_very_high",
    "febrile_wt_37c",
    "febrile_wt_41c",
    "febrile_lrr5ko_37c",
    "febrile_lrr5ko_41c",
    "febrile_dhcko_37c",
    "febrile_dhcko_41c",
    "sir2_wt_ring",
    "sir2_wt_trophozoite",
    "sir2_wt_schizont",
    "sir2a_ko_ring",
    "sir2a_ko_trophozoite",
    "sir2a_ko_schizont",
    "sir2b_ko_ring",
    "sir2b_ko_trophozoite",
    "sir2b_ko_schizont",
    "n_transcript_models",
    "novel_transcript_models",
    "riboseq_mrna_ring",
    "riboseq_mrna_early_trophozoite",
    "riboseq_mrna_late_trophozoite",
    "riboseq_mrna_schizont",
    "riboseq_mrna_merozoite",
    "riboseq_rpf_ring",
    "riboseq_rpf_early_trophozoite",
    "riboseq_rpf_late_trophozoite",
    "riboseq_rpf_schizont",
    "riboseq_rpf_merozoite",
    "pb_transferred_growth_rate",
    "pb_transfer_confidence",
    "n_struct_similar",
    "pb_transferred_liver_log2fc",
    "idc_peak_hour",
    "idc_cycling_amplitude",
    "has_lactyl",
    "n_acetylsites",
    "has_acetyl",
    "is_palmitoylated",
    "n_bcell_epitopes",
    "codon_enc",
    "codon_gc3",
    "codon_cai_ribosomal",
    "expr_max",
    "melting_temperature_tm",
    "melting_temperature_sd",
    "fertility_female",
    "fertility_male",
    "latency_log2fc",
    "latency_classifier_member",
    "m6a_n_canonical_sites",
    "m6a_canonical_stoichiometry",
    "gametocyte_proteome_log2",
    "gametocyte_newly_made",
    "engaged_n_compounds_tested",
    "engaged_n_compounds_hit",
    "febrile_phospho_max_abs_log2fc",
    "febrile_phospho_n_sites_up",
    "febrile_phospho_n_sites_down",
    "chromprox_hp1_log2fc",
    "chromprox_hp1_hit",
    "chromprox_h3k27ac_log2fc",
    "chromprox_h3k27ac_hit",
    "chromprox_h3k4me3_log2fc",
    "chromprox_h3k4me3_hit",
    "chromprox_centromere_log2fc",
    "chromprox_centromere_hit",
    "lopit_pf_svm_score",
    "field_pnps_adj",
    "field_variant_fraction",
    "dnds_laverania",
    "dnds_plasmodium",
    "transcription_rate_4tu",
    "mrna_decay_rate_4tu",
    "proteome_blood_log2",
    "hsp90_inhibition_ga_log2fc",
    "hsp90_inhibition_xl_log2fc",
    "hsp90_dependent",
    "rna_dependence_qvalue",
    "rna_dependent",
    "committed_vs_asexual_log2fc",
    "committed_vs_asexual_fdr",
    "resistance_selection_clones",
    "resistance_selection_compounds",
    "resistance_selection_variants",
    "pf6_field_dnds",
    "pf6_field_nonsyn_snvs"
  ],
  "native_classes": 16,
  "recorded_source_classes": 19,
  "counts": {
    "eligible": 152,
    "answered": 143,
    "abstained": 9,
    "correct": 40,
    "wrong": 103,
    "unique_biological_entities": 152
  },
  "metrics": {
    "accuracy": 0.2631578947368421,
    "coverage": 0.9407894736842105,
    "precision_of_calls": 0.27972027972027974,
    "macro_precision": 0.13077326147166704,
    "macro_recall": 0.07443622269203665,
    "macro_f1": 0.06938888888888889,
    "weighted_f1": 0.22510087719298247,
    "kappa": -0.02603664416586305,
    "mcc": -0.027247476380505474,
    "macro_auroc": 0.5929901115271397,
    "macro_auprc": 0.15387414843906091
  },
  "baseline_comparisons": {
    "training_majority": {
      "source_scope": {
        "organism": "Pf",
        "strategy": "training_majority",
        "target": "ec_direct_complete_major_profile",
        "task": "label calls",
        "unit": "gene",
        "settings": {
          "role": "training_only_baseline_control",
          "control_name": "training_majority",
          "selection": "Fixed before source preparation; no test/tune support or metrics select settings",
          "classifier_fitting_performed": false
        },
        "seed": 20261008,
        "protocol": "220cc119a511806017878e5890088e4064c65a9a720258e59ea3dcdb6a085e6b",
        "partition": "outer_test",
        "benchmark_id": "FN-EC-PF-CONTROL-01",
        "truth_grade": "unresolved",
        "negative_semantics": "unannotated_is_unknown; recovery of complete recorded profiles only"
      },
      "counts": {
        "eligible": 152,
        "answered": 152,
        "abstained": 0,
        "correct": 43,
        "wrong": 109
      },
      "metrics": {
        "accuracy": 0.28289473684210525,
        "coverage": 1.0,
        "precision_of_calls": 0.28289473684210525,
        "macro_precision": 0.023574561403508772,
        "macro_recall": 0.08333333333333333,
        "macro_f1": 0.03675213675213675,
        "weighted_f1": 0.1247638326585695,
        "kappa": 0.0,
        "mcc": 0.0,
        "macro_auroc": 0.5,
        "macro_auprc": 0.08333333333333331
      },
      "same_entity_order_truth_groups_and_support": true,
      "knn_minus_control": {
        "accuracy": -0.019736842105263164,
        "coverage": -0.05921052631578949,
        "precision_of_calls": -0.0031744571218255135,
        "macro_precision": 0.10719870006815826,
        "macro_recall": -0.008897110641296682,
        "macro_f1": 0.032636752136752135,
        "weighted_f1": 0.10033704453441297,
        "kappa": -0.02603664416586305,
        "mcc": -0.027247476380505474,
        "macro_auroc": 0.09299011152713965,
        "macro_auprc": 0.0705408151057276
      }
    },
    "training_prevalence": {
      "source_scope": {
        "organism": "Pf",
        "strategy": "training_prevalence",
        "target": "ec_direct_complete_major_profile",
        "task": "label calls",
        "unit": "gene",
        "settings": {
          "role": "training_only_baseline_control",
          "control_name": "training_prevalence",
          "selection": "Fixed before source preparation; no test/tune support or metrics select settings",
          "classifier_fitting_performed": false
        },
        "seed": 20261008,
        "protocol": "220cc119a511806017878e5890088e4064c65a9a720258e59ea3dcdb6a085e6b",
        "partition": "outer_test",
        "benchmark_id": "FN-EC-PF-CONTROL-01",
        "truth_grade": "unresolved",
        "negative_semantics": "unannotated_is_unknown; recovery of complete recorded profiles only"
      },
      "counts": {
        "eligible": 152,
        "answered": 152,
        "abstained": 0,
        "correct": 35,
        "wrong": 117
      },
      "metrics": {
        "accuracy": 0.23026315789473684,
        "coverage": 1.0,
        "precision_of_calls": 0.23026315789473684,
        "macro_precision": 0.06975044199646403,
        "macro_recall": 0.07541368515205725,
        "macro_f1": 0.07161514898357003,
        "weighted_f1": 0.22337664336279295,
        "kappa": 0.008198092688639785,
        "mcc": 0.008273201100822414,
        "macro_auroc": 0.5,
        "macro_auprc": 0.08333333333333331
      },
      "same_entity_order_truth_groups_and_support": true,
      "knn_minus_control": {
        "accuracy": 0.032894736842105254,
        "coverage": -0.05921052631578949,
        "precision_of_calls": 0.049457121825542905,
        "macro_precision": 0.06102281947520301,
        "macro_recall": -0.0009774624600206033,
        "macro_f1": -0.0022262600946811456,
        "weighted_f1": 0.00172423383018952,
        "kappa": -0.03423473685450283,
        "mcc": -0.03552067748132789,
        "macro_auroc": 0.09299011152713965,
        "macro_auprc": 0.0705408151057276
      }
    }
  },
  "artifact_identity": "49d625acba268ce5599fd22f00a43bba313f84cf50a816449a944e34850626d0",
  "artifact_status": "ok",
  "target_identity": "2fbc9e841a629a13d5ef7e1eba779359df22cc97586ceafe43b15a224fdcb1ca",
  "cohort_identity": "ac8ad662170caa36d46d44e839c7b1babb3ebb52429091ee7e591789fdff7f39",
  "split_identity": "220cc119a511806017878e5890088e4064c65a9a720258e59ea3dcdb6a085e6b",
  "source_sha256": "410d5fb58c15c0f110de2e1fd61910d4ae10508709847b1777cb3e7bc88d3641",
  "preparation_manifest_sha256": "a29e416488ba7b0722afca63764a27afcaa6f1fa521a5539a247837a9a7d38c7",
  "input_receipt_count": 66,
  "exact_source_native_refit_and_serialization_replay": true,
  "biological_accuracy": null,
  "biological_admission": false,
  "calibration_status": "unavailable",
  "deployment": "unknown",
  "gaps": [
    "Direct EC individual assignment evidence grades/source release remain unresolved",
    "ENZYME nomenclature is not independent measured gene activity",
    "Native orthogroups do not establish complete homology/source independence",
    "Orthology transfer remains a separate census; never combined into direct truth",
    "Calibration and deployment applicability unknown",
    "0 whole genes use unresolved native singleton groups",
    "Registry/empirical closure is not complete source-independence proof",
    "No graph/map inputs; feature assignment evidence grades remain unresolved"
  ]
}
	Command being timed: "/home/carruthers/anaconda3/envs/starplast/bin/python scripts/freeze_pf_functional_ec_knn.py --out results/pf_functional_ec_knn_2026_10_08_v2"
	User time (seconds): 5.04
	System time (seconds): 0.37
	Percent of CPU this job got: 99%
	Elapsed (wall clock) time (h:mm:ss or m:ss): 0:05.42
	Average shared text size (kbytes): 0
	Average unshared data size (kbytes): 0
	Average stack size (kbytes): 0
	Average total size (kbytes): 0
	Maximum resident set size (kbytes): 280400
	Average resident set size (kbytes): 0
	Major (requiring I/O) page faults: 0
	Minor (reclaiming a frame) page faults: 50400
	Voluntary context switches: 453
	Involuntary context switches: 250
	Swaps: 0
	File system inputs: 0
	File system outputs: 7744
	Socket messages sent: 0
	Socket messages received: 0
	Signals delivered: 0
	Page size (bytes): 4096
	Exit status: 0
