{
  "source_artifact_identity": "49d625acba268ce5599fd22f00a43bba313f84cf50a816449a944e34850626d0",
  "source_outputs_verified": 49,
  "source_inputs_verified": 66,
  "artifact_receipts_verified": 13,
  "candidate_sha256": "c89b317a36e01c788b56985675a97f5494ba6c798ccb9ea06be1b83f009e7bf3",
  "test_genes": 152,
  "unsupported_test_genes": 4,
  "counts": {
    "eligible": 152,
    "answered": 143,
    "abstained": 9,
    "correct": 40,
    "wrong": 103,
    "unique_biological_entities": 152
  },
  "metrics": {
    "accuracy": 0.2631578947368421,
    "coverage": 0.9407894736842105,
    "precision_of_calls": 0.27972027972027974,
    "macro_precision": 0.13077326147166704,
    "macro_recall": 0.07443622269203665,
    "macro_f1": 0.06938888888888889,
    "weighted_f1": 0.22510087719298247,
    "kappa": -0.02603664416586305,
    "mcc": -0.027247476380505474,
    "macro_auroc": 0.5929901115271397,
    "macro_auprc": 0.15387414843906091
  },
  "controls_retained_exactly": true,
  "installed_context_verified": true,
  "biological_admission": false,
  "shipped_bundle_changed": false
}
	Command being timed: "/home/carruthers/anaconda3/envs/starplast/bin/python scripts/package_pf_functional_ec_results.py --source results/pf_functional_ec_knn_2026_10_08_v2 --out results/pf_functional_ec_knn_acceptance_2026_10_08_v2"
	User time (seconds): 1.07
	System time (seconds): 0.16
	Percent of CPU this job got: 100%
	Elapsed (wall clock) time (h:mm:ss or m:ss): 0:01.24
	Average shared text size (kbytes): 0
	Average unshared data size (kbytes): 0
	Average stack size (kbytes): 0
	Average total size (kbytes): 0
	Maximum resident set size (kbytes): 195960
	Average resident set size (kbytes): 0
	Major (requiring I/O) page faults: 0
	Minor (reclaiming a frame) page faults: 26442
	Voluntary context switches: 366
	Involuntary context switches: 68
	Swaps: 0
	File system inputs: 0
	File system outputs: 424
	Socket messages sent: 0
	Socket messages received: 0
	Signals delivered: 0
	Page size (bytes): 4096
	Exit status: 0
