This plugin does not support propagateSizeHints()
{
  "benchmarks": [
    {
      "namespace": "ec_major",
      "source": "ec_number",
      "counts": {
        "abstained": 9,
        "answered": 143,
        "correct": 40,
        "eligible": 152,
        "unique_biological_entities": 152,
        "wrong": 103
      },
      "selected_membership_cards": 2,
      "controls": [
        "training_majority",
        "training_prevalence"
      ],
      "artifact_identity": "49d625acba268ce5599fd22f00a43bba313f84cf50a816449a944e34850626d0",
      "routes": [
        "annotation",
        "strategy",
        "control",
        "membership",
        "profile",
        "gene",
        "coverage"
      ],
      "independent_biology": null,
      "calibration": null
    }
  ],
  "elapsed_seconds": 5.031255129026249,
  "process_peak_bytes": 717492224,
  "original_inputs_unchanged": true,
  "organism": "Pf",
  "hosts_unavailable": true,
  "cross_organism_refused": true,
  "altered_context_refused": true
}
	Command being timed: "/home/carruthers/anaconda3/envs/starplast/bin/python scripts/audit_functional_profile_ui.py --organism Pf --out results/pf_functional_ui_2026_10_08"
	User time (seconds): 6.33
	System time (seconds): 1.10
	Percent of CPU this job got: 132%
	Elapsed (wall clock) time (h:mm:ss or m:ss): 0:05.61
	Average shared text size (kbytes): 0
	Average unshared data size (kbytes): 0
	Average stack size (kbytes): 0
	Average total size (kbytes): 0
	Maximum resident set size (kbytes): 700676
	Average resident set size (kbytes): 0
	Major (requiring I/O) page faults: 0
	Minor (reclaiming a frame) page faults: 201379
	Voluntary context switches: 2263
	Involuntary context switches: 1990
	Swaps: 0
	File system inputs: 200
	File system outputs: 744
	Socket messages sent: 0
	Socket messages received: 0
	Signals delivered: 0
	Page size (bytes): 4096
	Exit status: 0
