{
  "old_sha256": "854d014260330490e2b0f7189d8e6744448ab5d39f7686d75c4aba3cd763a84b",
  "candidate_sha256": "c89b317a36e01c788b56985675a97f5494ba6c798ccb9ea06be1b83f009e7bf3",
  "merged_sha256": "4275691a748d91f618da5606d21e8eb35976980ea456ea667b106960db21a2b2",
  "organism_counts": {
    "Tg": 2,
    "Pf": 1
  },
  "original_entries_retained_exactly": true,
  "native_candidate_retained_exactly": true,
  "fitting_performed": false,
  "biological_admission": false
}
	Command being timed: "/home/carruthers/anaconda3/envs/starplast/bin/python scripts/install_pf_functional_results.py --out results/pf_functional_results_merged_2026_10_08_v2"
	User time (seconds): 3.17
	System time (seconds): 0.62
	Percent of CPU this job got: 172%
	Elapsed (wall clock) time (h:mm:ss or m:ss): 0:02.20
	Average shared text size (kbytes): 0
	Average unshared data size (kbytes): 0
	Average stack size (kbytes): 0
	Average total size (kbytes): 0
	Maximum resident set size (kbytes): 519588
	Average resident set size (kbytes): 0
	Major (requiring I/O) page faults: 0
	Minor (reclaiming a frame) page faults: 164779
	Voluntary context switches: 43
	Involuntary context switches: 1084
	Swaps: 0
	File system inputs: 0
	File system outputs: 159448
	Socket messages sent: 0
	Socket messages received: 0
	Signals delivered: 0
	Page size (bytes): 4096
	Exit status: 0
