{
  "old_sha256": "4275691a748d91f618da5606d21e8eb35976980ea456ea667b106960db21a2b2",
  "candidate_sha256": "b637629c58b276ceb9ab826f73f92f23dc9fbd21677c66a85f45c82b510a6f41",
  "merged_sha256": "386c8e05f5b8cf32f4b9ba6c777d32933c73c08ce40d9e01d0b27959e9dbadda",
  "organism_counts": {
    "Tg": 2,
    "Pf": 2
  },
  "original_entries_retained_exactly": true,
  "native_candidate_retained_exactly": true,
  "fitting_performed": false,
  "biological_admission": false
}
	Command being timed: "/home/carruthers/anaconda3/envs/starplast/bin/python scripts/install_pf_functional_results.py --candidate results/pf_functional_ec_forest_acceptance_2026_10_08/functional_results.json --expected-sha256 b637629c58b276ceb9ab826f73f92f23dc9fbd21677c66a85f45c82b510a6f41 --out results/pf_functional_forest_merged_2026_10_08"
	User time (seconds): 2.88
	System time (seconds): 0.43
	Percent of CPU this job got: 191%
	Elapsed (wall clock) time (h:mm:ss or m:ss): 0:01.73
	Average shared text size (kbytes): 0
	Average unshared data size (kbytes): 0
	Average stack size (kbytes): 0
	Average total size (kbytes): 0
	Maximum resident set size (kbytes): 520504
	Average resident set size (kbytes): 0
	Major (requiring I/O) page faults: 0
	Minor (reclaiming a frame) page faults: 165517
	Voluntary context switches: 70
	Involuntary context switches: 1681
	Swaps: 0
	File system inputs: 0
	File system outputs: 160400
	Socket messages sent: 0
	Socket messages received: 0
	Signals delivered: 0
	Page size (bytes): 4096
	Exit status: 0
