{
  "source_artifact_identity": "c2891db34c1c43dec0372e792e3b6fa777a286cd43c7b0722c34d0630720b0cd",
  "source_outputs_verified": 52,
  "source_inputs_verified": 70,
  "artifact_receipts_verified": 12,
  "candidate_sha256": "b637629c58b276ceb9ab826f73f92f23dc9fbd21677c66a85f45c82b510a6f41",
  "test_genes": 152,
  "unsupported_test_genes": 4,
  "counts": {
    "eligible": 152,
    "answered": 152,
    "abstained": 0,
    "correct": 59,
    "wrong": 93,
    "unique_biological_entities": 152
  },
  "metrics": {
    "accuracy": 0.3881578947368421,
    "coverage": 1.0,
    "precision_of_calls": 0.3881578947368421,
    "macro_precision": 0.22462803712803714,
    "macro_recall": 0.1368233994687483,
    "macro_f1": 0.14173185571490657,
    "weighted_f1": 0.3412932592236784,
    "kappa": 0.13699633699633698,
    "mcc": 0.14528145194063335,
    "macro_auroc": 0.6236475437843458,
    "macro_auprc": 0.19747510386993353
  },
  "controls_retained_exactly": true,
  "installed_context_verified": true,
  "biological_admission": false,
  "shipped_bundle_changed": false
}
	Command being timed: "/home/carruthers/anaconda3/envs/starplast/bin/python scripts/package_pf_functional_ec_results.py --strategy random_forest --source results/pf_functional_ec_forest_2026_10_08_v2 --out results/pf_functional_ec_forest_acceptance_2026_10_08"
	User time (seconds): 0.96
	System time (seconds): 0.26
	Percent of CPU this job got: 99%
	Elapsed (wall clock) time (h:mm:ss or m:ss): 0:01.23
	Average shared text size (kbytes): 0
	Average unshared data size (kbytes): 0
	Average stack size (kbytes): 0
	Average total size (kbytes): 0
	Maximum resident set size (kbytes): 255324
	Average resident set size (kbytes): 0
	Major (requiring I/O) page faults: 0
	Minor (reclaiming a frame) page faults: 69477
	Voluntary context switches: 525
	Involuntary context switches: 34
	Swaps: 0
	File system inputs: 27792
	File system outputs: 432
	Socket messages sent: 0
	Socket messages received: 0
	Signals delivered: 0
	Page size (bytes): 4096
	Exit status: 0
